2026-08-31 00:37:54 - EmployeeManagementSystem - INFO - Seeding default sample data into DataStore...
2026-08-31 00:37:54 - EmployeeManagementSystem - INFO - DataStore initialized with 6 employees, 5 projects, and 3 allocations.
2026-08-31 00:37:54 - EmployeeManagementSystem - INFO - Seeding default sample data into DataStore...
2026-08-31 00:37:54 - EmployeeManagementSystem - INFO - DataStore initialized with 6 employees, 5 projects, and 3 allocations.
2026-08-31 00:37:54 - EmployeeManagementSystem - WARNING - Add Employee failed: Email 'amit.sharma@example.com' already exists.
2026-08-31 00:37:54 - EmployeeManagementSystem - INFO - Seeding default sample data into DataStore...
2026-08-31 00:37:54 - EmployeeManagementSystem - INFO - DataStore initialized with 6 employees, 5 projects, and 3 allocations.
2026-08-31 00:37:54 - EmployeeManagementSystem - WARNING - Add Employee failed: Salary must be greater than zero (-500.0).
2026-08-31 00:37:54 - EmployeeManagementSystem - INFO - Seeding default sample data into DataStore...
2026-08-31 00:37:54 - EmployeeManagementSystem - INFO - DataStore initialized with 6 employees, 5 projects, and 3 allocations.
2026-08-31 00:37:54 - EmployeeManagementSystem - INFO - Employee 107 'Karan Mehta' created successfully.
2026-08-31 00:37:54 - EmployeeManagementSystem - INFO - Seeding default sample data into DataStore...
2026-08-31 00:37:54 - EmployeeManagementSystem - INFO - DataStore initialized with 6 employees, 5 projects, and 3 allocations.
2026-08-31 00:37:54 - EmployeeManagementSystem - INFO - Project 'P201' (AI Assistant) created successfully.
2026-08-31 00:37:54 - EmployeeManagementSystem - INFO - Seeding default sample data into DataStore...
2026-08-31 00:37:54 - EmployeeManagementSystem - INFO - DataStore initialized with 6 employees, 5 projects, and 3 allocations.
2026-08-31 00:37:54 - EmployeeManagementSystem - WARNING - Allocation failed: Exceeds 100% allocation limit for Employee 104.
2026-08-31 00:37:54 - EmployeeManagementSystem - INFO - Seeding default sample data into DataStore...
2026-08-31 00:37:54 - EmployeeManagementSystem - INFO - DataStore initialized with 6 employees, 5 projects, and 3 allocations.
2026-08-31 00:37:54 - EmployeeManagementSystem - INFO - Updated Employee 105 status to 'Allocated' (Total allocation: 100%).
2026-08-31 00:37:54 - EmployeeManagementSystem - INFO - Employee 105 allocated to Project 'P101' with 100% role 'Developer'.
2026-08-31 00:37:54 - EmployeeManagementSystem - INFO - Seeding default sample data into DataStore...
2026-08-31 00:37:54 - EmployeeManagementSystem - INFO - DataStore initialized with 6 employees, 5 projects, and 3 allocations.
2026-08-31 00:37:54 - EmployeeManagementSystem - WARNING - Allocation failed: Project 'P104' status is 'Completed'.
2026-08-31 00:37:54 - EmployeeManagementSystem - INFO - Seeding default sample data into DataStore...
2026-08-31 00:37:54 - EmployeeManagementSystem - INFO - DataStore initialized with 6 employees, 5 projects, and 3 allocations.
2026-08-31 00:37:54 - EmployeeManagementSystem - WARNING - Delete Employee failed: Employee 101 is allocated to active project 'Banking Automation'.
2026-08-31 00:37:54 - EmployeeManagementSystem - INFO - Seeding default sample data into DataStore...
2026-08-31 00:37:54 - EmployeeManagementSystem - INFO - DataStore initialized with 6 employees, 5 projects, and 3 allocations.
2026-08-31 00:37:54 - EmployeeManagementSystem - INFO - Exporting employee data report to file: /home/linarx/Coforge Training/Python Training/Capstone Project/EmployeeProjectManagement/reports/employee_report.txt
2026-08-31 00:37:54 - EmployeeManagementSystem - INFO - Report exported successfully.
2026-08-31 00:37:54 - EmployeeManagementSystem - INFO - Seeding default sample data into DataStore...
2026-08-31 00:37:54 - EmployeeManagementSystem - INFO - DataStore initialized with 6 employees, 5 projects, and 3 allocations.
2026-08-31 00:37:54 - EmployeeManagementSystem - INFO - Filtered employees by skill 'Python': 3 found.
2026-08-31 00:37:54 - EmployeeManagementSystem - INFO - Filtered employees with min experience 4.0 yrs: 3 found.
2026-08-31 00:37:54 - EmployeeManagementSystem - INFO - Seeding default sample data into DataStore...
2026-08-31 00:37:54 - EmployeeManagementSystem - INFO - DataStore initialized with 6 employees, 5 projects, and 3 allocations.
2026-08-31 00:37:54 - EmployeeManagementSystem - INFO - Sorted employees by salary (descending=True).
2026-08-31 00:37:54 - EmployeeManagementSystem - INFO - Sorted employees by experience (descending=False).
2026-08-31 00:37:54 - EmployeeManagementSystem - INFO - Seeding default sample data into DataStore...
2026-08-31 00:37:54 - EmployeeManagementSystem - INFO - DataStore initialized with 6 employees, 5 projects, and 3 allocations.
2026-08-31 00:37:54 - EmployeeManagementSystem - INFO - Seeding default sample data into DataStore...
2026-08-31 00:37:54 - EmployeeManagementSystem - INFO - DataStore initialized with 6 employees, 5 projects, and 3 allocations.
2026-08-31 00:37:54 - EmployeeManagementSystem - INFO - Updated Employee 101 status to 'Available' (Total allocation: 0%).
2026-08-31 00:37:54 - EmployeeManagementSystem - INFO - Removed allocation ID 1001 for Employee 101 on Project 'P101'.
2026-08-31 00:37:54 - EmployeeManagementSystem - INFO - Seeding default sample data into DataStore...
2026-08-31 00:37:54 - EmployeeManagementSystem - INFO - DataStore initialized with 6 employees, 5 projects, and 3 allocations.
2026-08-31 00:37:54 - EmployeeManagementSystem - INFO - Searched employees with query 'Python'. Found 3 matches.
2026-08-31 00:37:54 - EmployeeManagementSystem - INFO - Searched employees with query 'Amit'. Found 1 matches.
2026-08-31 00:37:54 - EmployeeManagementSystem - INFO - Seeding default sample data into DataStore...
2026-08-31 00:37:54 - EmployeeManagementSystem - INFO - DataStore initialized with 6 employees, 5 projects, and 3 allocations.
2026-08-31 00:37:54 - EmployeeManagementSystem - INFO - Employee 103 updated successfully.
